---
source: tui/src/startup_draft_tests.rs
expression: "snapshots.join(\"\\n---\\n\")"
---
empty (48 columns):

  >_ Zuno (v<VERSION>)
     loading


› Ask Zuno to do anything

  ? for shortcuts
---
configured (48 columns):

  >_ Zuno (v<VERSION>)
     workspace


› Ask Zuno to do anything

  ? for shortcuts
---
resuming (48 columns):

  >_ Zuno (v<VERSION>)
     loading
  Resuming session…

› Ask Zuno to do anything

  ? for shortcuts
---
forking (48 columns):

  >_ Zuno (v<VERSION>)
     loading
  Forking session…

› draft while loading


---
multiline (48 columns):

  >_ Zuno (v<VERSION>)
     loading


› first startup line
  second startup line


---
narrow (18 columns):

  >_ Zuno (v0.162…
     loading


› first startup
  line
  second startup
  line
