---
source: crates/zuno-tui/src/theme_tests.rs
expression: "theme_sample(&registry, name, Mode::Dark)"
---
"cobalt2                   " fg=#ffffff bg=#193549 mod=BOLD
"primary                   " fg=#0088ff bg=#193549 mod=NONE
"secondary                 " fg=#9a5feb bg=#193549 mod=NONE
"accent                    " fg=#2affdf bg=#193549 mod=NONE
"error                     " fg=#ff0088 bg=#193549 mod=NONE
"warning                   " fg=#ffc600 bg=#193549 mod=NONE
"success                   " fg=#9eff80 bg=#193549 mod=NONE
"info                      " fg=#ff9d00 bg=#193549 mod=NONE
"text                      " fg=#ffffff bg=#193549 mod=NONE
"textMuted                 " fg=#adb7c9 bg=#193549 mod=NONE
"background                " fg=#193549 bg=#193549 mod=NONE
"backgroundPanel           " fg=#122738 bg=#193549 mod=NONE
"backgroundElement         " fg=#1f4662 bg=#193549 mod=NONE
"border                    " fg=#1f4662 bg=#193549 mod=NONE
"borderActive              " fg=#0088ff bg=#193549 mod=NONE
"borderSubtle              " fg=#0e1e2e bg=#193549 mod=NONE
"diffAdded                 " fg=#9eff80 bg=#193549 mod=NONE
"diffRemoved               " fg=#ff0088 bg=#193549 mod=NONE
"diffContext               " fg=#adb7c9 bg=#193549 mod=NONE
"diffHunkHeader            " fg=#2affdf bg=#193549 mod=NONE
"diffHighlightAdded        " fg=#b9ff9f bg=#193549 mod=NONE
"diffHighlightRemoved      " fg=#ff5fb3 bg=#193549 mod=NONE
"diffAddedBg               " fg=#1a3a2a bg=#193549 mod=NONE
"diffRemovedBg             " fg=#3a1a2a bg=#193549 mod=NONE
"diffContextBg             " fg=#122738 bg=#193549 mod=NONE
"diffLineNumber            " fg=#adb7c9 bg=#193549 mod=NONE
"diffAddedLineNumberBg     " fg=#1a3a2a bg=#193549 mod=NONE
"diffRemovedLineNumberBg   " fg=#3a1a2a bg=#193549 mod=NONE
"markdownText              " fg=#ffffff bg=#193549 mod=NONE
"markdownHeading           " fg=#ffc600 bg=#193549 mod=NONE
"markdownLink              " fg=#0088ff bg=#193549 mod=NONE
"markdownLinkText          " fg=#2affdf bg=#193549 mod=NONE
"markdownCode              " fg=#9eff80 bg=#193549 mod=NONE
"markdownBlockQuote        " fg=#adb7c9 bg=#193549 mod=NONE
"markdownEmph              " fg=#ff9d00 bg=#193549 mod=NONE
"markdownStrong            " fg=#ff628c bg=#193549 mod=NONE
"markdownHorizontalRule    " fg=#2d5a7b bg=#193549 mod=NONE
"markdownListItem          " fg=#0088ff bg=#193549 mod=NONE
"markdownListEnumeration   " fg=#2affdf bg=#193549 mod=NONE
"markdownImage             " fg=#0088ff bg=#193549 mod=NONE
"markdownImageText         " fg=#2affdf bg=#193549 mod=NONE
"markdownCodeBlock         " fg=#ffffff bg=#193549 mod=NONE
"syntaxComment             " fg=#0088ff bg=#193549 mod=NONE
"syntaxKeyword             " fg=#ff9d00 bg=#193549 mod=NONE
"syntaxFunction            " fg=#ffc600 bg=#193549 mod=NONE
"syntaxVariable            " fg=#ffffff bg=#193549 mod=NONE
"syntaxString              " fg=#9eff80 bg=#193549 mod=NONE
"syntaxNumber              " fg=#ff628c bg=#193549 mod=NONE
"syntaxType                " fg=#2affdf bg=#193549 mod=NONE
"syntaxOperator            " fg=#ff9d00 bg=#193549 mod=NONE
"syntaxPunctuation         " fg=#ffffff bg=#193549 mod=NONE
"selectedListItemText      " fg=#193549 bg=#193549 mod=NONE
"backgroundMenu            " fg=#1f4662 bg=#193549 mod=NONE
"thinkingOpacity 0.60      " fg=#adb7c9 bg=#193549 mod=NONE
"selectedForeground        " fg=#193549 bg=#0088ff mod=NONE
