---
source: crates/zuno-tui/src/theme_tests.rs
expression: "theme_sample(&registry, name, Mode::Dark)"
---
"flexoki                   " fg=#cecdc3 bg=#100f0f mod=BOLD
"primary                   " fg=#da702c bg=#100f0f mod=NONE
"secondary                 " fg=#4385be bg=#100f0f mod=NONE
"accent                    " fg=#8b7ec8 bg=#100f0f mod=NONE
"error                     " fg=#d14d41 bg=#100f0f mod=NONE
"warning                   " fg=#da702c bg=#100f0f mod=NONE
"success                   " fg=#879a39 bg=#100f0f mod=NONE
"info                      " fg=#3aa99f bg=#100f0f mod=NONE
"text                      " fg=#cecdc3 bg=#100f0f mod=NONE
"textMuted                 " fg=#6f6e69 bg=#100f0f mod=NONE
"background                " fg=#100f0f bg=#100f0f mod=NONE
"backgroundPanel           " fg=#1c1b1a bg=#100f0f mod=NONE
"backgroundElement         " fg=#282726 bg=#100f0f mod=NONE
"border                    " fg=#575653 bg=#100f0f mod=NONE
"borderActive              " fg=#6f6e69 bg=#100f0f mod=NONE
"borderSubtle              " fg=#403e3c bg=#100f0f mod=NONE
"diffAdded                 " fg=#879a39 bg=#100f0f mod=NONE
"diffRemoved               " fg=#d14d41 bg=#100f0f mod=NONE
"diffContext               " fg=#6f6e69 bg=#100f0f mod=NONE
"diffHunkHeader            " fg=#4385be bg=#100f0f mod=NONE
"diffHighlightAdded        " fg=#879a39 bg=#100f0f mod=NONE
"diffHighlightRemoved      " fg=#d14d41 bg=#100f0f mod=NONE
"diffAddedBg               " fg=#1a2d1a bg=#100f0f mod=NONE
"diffRemovedBg             " fg=#2d1a1a bg=#100f0f mod=NONE
"diffContextBg             " fg=#1c1b1a bg=#100f0f mod=NONE
"diffLineNumber            " fg=#888883 bg=#100f0f mod=NONE
"diffAddedLineNumberBg     " fg=#152515 bg=#100f0f mod=NONE
"diffRemovedLineNumberBg   " fg=#251515 bg=#100f0f mod=NONE
"markdownText              " fg=#cecdc3 bg=#100f0f mod=NONE
"markdownHeading           " fg=#8b7ec8 bg=#100f0f mod=NONE
"markdownLink              " fg=#4385be bg=#100f0f mod=NONE
"markdownLinkText          " fg=#3aa99f bg=#100f0f mod=NONE
"markdownCode              " fg=#3aa99f bg=#100f0f mod=NONE
"markdownBlockQuote        " fg=#d0a215 bg=#100f0f mod=NONE
"markdownEmph              " fg=#d0a215 bg=#100f0f mod=NONE
"markdownStrong            " fg=#da702c bg=#100f0f mod=NONE
"markdownHorizontalRule    " fg=#6f6e69 bg=#100f0f mod=NONE
"markdownListItem          " fg=#da702c bg=#100f0f mod=NONE
"markdownListEnumeration   " fg=#3aa99f bg=#100f0f mod=NONE
"markdownImage             " fg=#ce5d97 bg=#100f0f mod=NONE
"markdownImageText         " fg=#3aa99f bg=#100f0f mod=NONE
"markdownCodeBlock         " fg=#cecdc3 bg=#100f0f mod=NONE
"syntaxComment             " fg=#6f6e69 bg=#100f0f mod=NONE
"syntaxKeyword             " fg=#879a39 bg=#100f0f mod=NONE
"syntaxFunction            " fg=#da702c bg=#100f0f mod=NONE
"syntaxVariable            " fg=#4385be bg=#100f0f mod=NONE
"syntaxString              " fg=#3aa99f bg=#100f0f mod=NONE
"syntaxNumber              " fg=#8b7ec8 bg=#100f0f mod=NONE
"syntaxType                " fg=#d0a215 bg=#100f0f mod=NONE
"syntaxOperator            " fg=#b7b5ac bg=#100f0f mod=NONE
"syntaxPunctuation         " fg=#b7b5ac bg=#100f0f mod=NONE
"selectedListItemText      " fg=#100f0f bg=#100f0f mod=NONE
"backgroundMenu            " fg=#282726 bg=#100f0f mod=NONE
"thinkingOpacity 0.60      " fg=#6f6e69 bg=#100f0f mod=NONE
"selectedForeground        " fg=#100f0f bg=#da702c mod=NONE
