zuno-acp
zuno-agent
zuno-auth
zuno-catalog
zuno-cli
zuno-config
zuno-db
zuno-engine
zuno-error
zuno-goal
zuno-harness
zuno-llm
zuno-lsp
zuno-mcp
zuno-memory
zuno-observability
zuno-paths
zuno-permission
zuno-process
zuno-provider-anthropic
zuno-provider-bedrock
zuno-provider-compatible
zuno-provider-google
zuno-provider-openai
zuno-pty
zuno-reaping-fixture
zuno-runtime
zuno-search
zuno-server
zuno-snapshot
zuno-testkit
zuno-tool
zuno-tools
zuno-tui
zuno-types
zuno-watch
