oc-acp
oc-agent
oc-auth
oc-catalog
oc-cli
oc-config
oc-db
oc-engine
oc-error
oc-goal
oc-llm
oc-lsp
oc-mcp
oc-memory
oc-observability
oc-paths
oc-permission
oc-plugin
oc-plugin-sdk
oc-provider-anthropic
oc-provider-bedrock
oc-provider-compatible
oc-provider-google
oc-provider-openai
oc-pty
oc-search
oc-server
oc-snapshot
oc-testkit
oc-tool
oc-tools
oc-tui
oc-types
oc-watch
