---
source: tui/src/app/tests/fresh_sparkle_tests.rs
expression: "snapshots.join(\"\\n\\n\")"
---
untouched:
                            ⠈     ⢀     ⠁                 ⠂
›⠁Ask Zuno to do anything          ⠈      ⠁
       ⢀            ⠠     ⠄         ⠠          ⢀    ⠠     ⡀

typed then erased:
› Ask Zuno to do anything
