---
source: tui/tests/suite/focus_palette.rs
assertion_line: 661
expression: failure.trim()
---
Error: Zuno managed app-server daemon mutation is disabled until a Zuno-owned package updater passes all platform gates; run a foreground app server or remote-control session instead
To work without the background server, rerun the same command with --no-daemon (including resume or fork and its arguments).
