---
source: crates/zuno-catalog/tests/skill_render.rs
expression: "render(&corpus(), Form::Verbose)"
---
<available_skills>
  <skill>
    <name>add-office365</name>
    <description>Adds Office 365 Outlook connector to a Power Apps code app.</description>
    <location>/config/.config/opencode/skill/powerapps/code-apps/skills/add-office365/SKILL.md</location>
  </skill>
  <skill>
    <name>amazon_quick_guide</name>
    <description>MUST be loaded for ANY question about Amazon Quick.</description>
    <location>/config/.config/opencode/skill/amazon_quick_guide/SKILL.md</location>
  </skill>
  <skill>
    <name>customize-opencode</name>
    <description>Use ONLY when the user is editing or creating opencode's own configuration.</description>
    <location>&lt;built-in&gt;</location>
  </skill>
  <skill>
    <name>lark-im</name>
    <description>飞书即时通讯：收发消息和管理群聊。</description>
    <location>/config/.agents/skills/lark-im/SKILL.md</location>
  </skill>
</available_skills>
