---
source: tui/src/onboarding/welcome.rs
expression: visible.trim_end()
---


                         ⢀⣀⣠⣤⣤⣤⣤⣤⣤⣀⣀
                     ⢀⣤⣶⣿⣿⣿⣿⣿⣿⣿⣿⣿⣿⣿⣿⣿⣶⣤⡀
                  ⢀⣠⣾⣿⣿⣿⣿⡿⠟⠛⠋⠉⠉⠙⠛⠛⠿⣿⣿⣿⣿⣿⣷⡄
                 ⣠⣾⣿⣿⣿⠿⠋            ⠉⠛⣿⣿⣿⣿⣷⡀
                ⣰⣿⣿⣿⡟⠁                 ⠹⣿⣿⣿⣿⡄
               ⣼⣿⣿⣿⠟   ⣀⣤⡀              ⠈⢿⣿⣿⣷⡀
              ⢠⣿⣿⣿⡟    ⣿⣿⣿⣄              ⠘⣿⣿⣿⣧
              ⢸⣿⣿⣿⠁    ⠙⣿⣿⣿⣆              ⢿⣿⣿⣿
              ⢾⣿⣿⣿      ⢸⣿⣿⣿⠆             ⢸⣿⣿⣿⠆
              ⣾⣿⣿⣿     ⣠⣿⣿⣿⠏  ⢀⣀⣀⣀⣀⣀⣀⡀    ⢸⣿⣿⣿
              ⠸⣿⣿⣿⡆   ⢰⣿⣿⣿⠇   ⣿⣿⣿⣿⣿⣿⣿⣿⡆  ⢀⣿⣿⣿⡟
               ⢻⣿⣿⣿⣄   ⠉⠛⠁    ⠙⠛⠛⠛⠛⠛⠛⠋  ⢀⣼⣿⣿⣿⠃
               ⠈⢻⣿⣿⣿⣦⡀                 ⣠⣾⣿⣿⣿⠇
                 ⠻⣿⣿⣿⣿⣤⣀            ⢀⣠⣾⣿⣿⣿⡿⠃
                  ⠈⠻⣿⣿⣿⣿⣷⣶⣤⣄⣀⣀⣀⢀⣀⣠⣤⣴⣿⣿⣿⣿⣿⠛
                     ⠙⠻⣿⣿⣿⣿⣿⣿⣿⣿⣿⣿⣿⣿⣿⣿⣿⠿⠋
                        ⠉⠙⠛⠿⠿⠿⠿⠿⠿⠿⠛⠋⠁



  Welcome to Zuno, a command-line coding agent
