---
source: crates/oc-tui/src/theme_tests.rs
expression: "theme_sample(&registry, name, Mode::Dark)"
---
"catppuccin                " fg=#cdd6f4 bg=#1e1e2e mod=BOLD
"primary                   " fg=#89b4fa bg=#1e1e2e mod=NONE
"secondary                 " fg=#cba6f7 bg=#1e1e2e mod=NONE
"accent                    " fg=#f5c2e7 bg=#1e1e2e mod=NONE
"error                     " fg=#f38ba8 bg=#1e1e2e mod=NONE
"warning                   " fg=#f9e2af bg=#1e1e2e mod=NONE
"success                   " fg=#a6e3a1 bg=#1e1e2e mod=NONE
"info                      " fg=#94e2d5 bg=#1e1e2e mod=NONE
"text                      " fg=#cdd6f4 bg=#1e1e2e mod=NONE
"textMuted                 " fg=#9399b2 bg=#1e1e2e mod=NONE
"background                " fg=#1e1e2e bg=#1e1e2e mod=NONE
"backgroundPanel           " fg=#181825 bg=#1e1e2e mod=NONE
"backgroundElement         " fg=#11111b bg=#1e1e2e mod=NONE
"border                    " fg=#313244 bg=#1e1e2e mod=NONE
"borderActive              " fg=#45475a bg=#1e1e2e mod=NONE
"borderSubtle              " fg=#585b70 bg=#1e1e2e mod=NONE
"diffAdded                 " fg=#a6e3a1 bg=#1e1e2e mod=NONE
"diffRemoved               " fg=#f38ba8 bg=#1e1e2e mod=NONE
"diffContext               " fg=#9399b2 bg=#1e1e2e mod=NONE
"diffHunkHeader            " fg=#fab387 bg=#1e1e2e mod=NONE
"diffHighlightAdded        " fg=#a6e3a1 bg=#1e1e2e mod=NONE
"diffHighlightRemoved      " fg=#f38ba8 bg=#1e1e2e mod=NONE
"diffAddedBg               " fg=#24312b bg=#1e1e2e mod=NONE
"diffRemovedBg             " fg=#3c2a32 bg=#1e1e2e mod=NONE
"diffContextBg             " fg=#181825 bg=#1e1e2e mod=NONE
"diffLineNumber            " fg=#9399b2 bg=#1e1e2e mod=NONE
"diffAddedLineNumberBg     " fg=#1e2a25 bg=#1e1e2e mod=NONE
"diffRemovedLineNumberBg   " fg=#32232a bg=#1e1e2e mod=NONE
"markdownText              " fg=#cdd6f4 bg=#1e1e2e mod=NONE
"markdownHeading           " fg=#cba6f7 bg=#1e1e2e mod=NONE
"markdownLink              " fg=#89b4fa bg=#1e1e2e mod=NONE
"markdownLinkText          " fg=#89dceb bg=#1e1e2e mod=NONE
"markdownCode              " fg=#a6e3a1 bg=#1e1e2e mod=NONE
"markdownBlockQuote        " fg=#f9e2af bg=#1e1e2e mod=NONE
"markdownEmph              " fg=#f9e2af bg=#1e1e2e mod=NONE
"markdownStrong            " fg=#fab387 bg=#1e1e2e mod=NONE
"markdownHorizontalRule    " fg=#a6adc8 bg=#1e1e2e mod=NONE
"markdownListItem          " fg=#89b4fa bg=#1e1e2e mod=NONE
"markdownListEnumeration   " fg=#89dceb bg=#1e1e2e mod=NONE
"markdownImage             " fg=#89b4fa bg=#1e1e2e mod=NONE
"markdownImageText         " fg=#89dceb bg=#1e1e2e mod=NONE
"markdownCodeBlock         " fg=#cdd6f4 bg=#1e1e2e mod=NONE
"syntaxComment             " fg=#9399b2 bg=#1e1e2e mod=NONE
"syntaxKeyword             " fg=#cba6f7 bg=#1e1e2e mod=NONE
"syntaxFunction            " fg=#89b4fa bg=#1e1e2e mod=NONE
"syntaxVariable            " fg=#f38ba8 bg=#1e1e2e mod=NONE
"syntaxString              " fg=#a6e3a1 bg=#1e1e2e mod=NONE
"syntaxNumber              " fg=#fab387 bg=#1e1e2e mod=NONE
"syntaxType                " fg=#f9e2af bg=#1e1e2e mod=NONE
"syntaxOperator            " fg=#89dceb bg=#1e1e2e mod=NONE
"syntaxPunctuation         " fg=#cdd6f4 bg=#1e1e2e mod=NONE
"selectedListItemText      " fg=#1e1e2e bg=#1e1e2e mod=NONE
"backgroundMenu            " fg=#11111b bg=#1e1e2e mod=NONE
"thinkingOpacity 0.60      " fg=#9399b2 bg=#1e1e2e mod=NONE
"selectedForeground        " fg=#1e1e2e bg=#89b4fa mod=NONE
