---
source: crates/oc-tui/src/theme_tests.rs
expression: "theme_sample(&registry, name, Mode::Dark)"
---
"nightowl                  " fg=#d6deeb bg=#011627 mod=BOLD
"primary                   " fg=#82aaff bg=#011627 mod=NONE
"secondary                 " fg=#7fdbca bg=#011627 mod=NONE
"accent                    " fg=#c792ea bg=#011627 mod=NONE
"error                     " fg=#ef5350 bg=#011627 mod=NONE
"warning                   " fg=#ecc48d bg=#011627 mod=NONE
"success                   " fg=#c5e478 bg=#011627 mod=NONE
"info                      " fg=#82aaff bg=#011627 mod=NONE
"text                      " fg=#d6deeb bg=#011627 mod=NONE
"textMuted                 " fg=#5f7e97 bg=#011627 mod=NONE
"background                " fg=#011627 bg=#011627 mod=NONE
"backgroundPanel           " fg=#0b253a bg=#011627 mod=NONE
"backgroundElement         " fg=#0b253a bg=#011627 mod=NONE
"border                    " fg=#5f7e97 bg=#011627 mod=NONE
"borderActive              " fg=#82aaff bg=#011627 mod=NONE
"borderSubtle              " fg=#5f7e97 bg=#011627 mod=NONE
"diffAdded                 " fg=#c5e478 bg=#011627 mod=NONE
"diffRemoved               " fg=#ef5350 bg=#011627 mod=NONE
"diffContext               " fg=#5f7e97 bg=#011627 mod=NONE
"diffHunkHeader            " fg=#5f7e97 bg=#011627 mod=NONE
"diffHighlightAdded        " fg=#c5e478 bg=#011627 mod=NONE
"diffHighlightRemoved      " fg=#ef5350 bg=#011627 mod=NONE
"diffAddedBg               " fg=#0a2e1a bg=#011627 mod=NONE
"diffRemovedBg             " fg=#2d1b1b bg=#011627 mod=NONE
"diffContextBg             " fg=#0b253a bg=#011627 mod=NONE
"diffLineNumber            " fg=#7791a6 bg=#011627 mod=NONE
"diffAddedLineNumberBg     " fg=#0a2e1a bg=#011627 mod=NONE
"diffRemovedLineNumberBg   " fg=#2d1b1b bg=#011627 mod=NONE
"markdownText              " fg=#d6deeb bg=#011627 mod=NONE
"markdownHeading           " fg=#82aaff bg=#011627 mod=NONE
"markdownLink              " fg=#7fdbca bg=#011627 mod=NONE
"markdownLinkText          " fg=#82aaff bg=#011627 mod=NONE
"markdownCode              " fg=#c5e478 bg=#011627 mod=NONE
"markdownBlockQuote        " fg=#5f7e97 bg=#011627 mod=NONE
"markdownEmph              " fg=#c792ea bg=#011627 mod=NONE
"markdownStrong            " fg=#ecc48d bg=#011627 mod=NONE
"markdownHorizontalRule    " fg=#5f7e97 bg=#011627 mod=NONE
"markdownListItem          " fg=#82aaff bg=#011627 mod=NONE
"markdownListEnumeration   " fg=#7fdbca bg=#011627 mod=NONE
"markdownImage             " fg=#7fdbca bg=#011627 mod=NONE
"markdownImageText         " fg=#82aaff bg=#011627 mod=NONE
"markdownCodeBlock         " fg=#d6deeb bg=#011627 mod=NONE
"syntaxComment             " fg=#637777 bg=#011627 mod=NONE
"syntaxKeyword             " fg=#c792ea bg=#011627 mod=NONE
"syntaxFunction            " fg=#82aaff bg=#011627 mod=NONE
"syntaxVariable            " fg=#d6deeb bg=#011627 mod=NONE
"syntaxString              " fg=#ecc48d bg=#011627 mod=NONE
"syntaxNumber              " fg=#f78c6c bg=#011627 mod=NONE
"syntaxType                " fg=#c5e478 bg=#011627 mod=NONE
"syntaxOperator            " fg=#7fdbca bg=#011627 mod=NONE
"syntaxPunctuation         " fg=#d6deeb bg=#011627 mod=NONE
"selectedListItemText      " fg=#011627 bg=#011627 mod=NONE
"backgroundMenu            " fg=#0b253a bg=#011627 mod=NONE
"thinkingOpacity 0.60      " fg=#5f7e97 bg=#011627 mod=NONE
"selectedForeground        " fg=#011627 bg=#82aaff mod=NONE
