---
source: crates/oc-tui/src/theme_tests.rs
expression: "theme_sample(&registry, name, Mode::Dark)"
---
"one-dark                  " fg=#abb2bf bg=#282c34 mod=BOLD
"primary                   " fg=#61afef bg=#282c34 mod=NONE
"secondary                 " fg=#c678dd bg=#282c34 mod=NONE
"accent                    " fg=#56b6c2 bg=#282c34 mod=NONE
"error                     " fg=#e06c75 bg=#282c34 mod=NONE
"warning                   " fg=#e5c07b bg=#282c34 mod=NONE
"success                   " fg=#98c379 bg=#282c34 mod=NONE
"info                      " fg=#d19a66 bg=#282c34 mod=NONE
"text                      " fg=#abb2bf bg=#282c34 mod=NONE
"textMuted                 " fg=#5c6370 bg=#282c34 mod=NONE
"background                " fg=#282c34 bg=#282c34 mod=NONE
"backgroundPanel           " fg=#21252b bg=#282c34 mod=NONE
"backgroundElement         " fg=#353b45 bg=#282c34 mod=NONE
"border                    " fg=#393f4a bg=#282c34 mod=NONE
"borderActive              " fg=#61afef bg=#282c34 mod=NONE
"borderSubtle              " fg=#2c313a bg=#282c34 mod=NONE
"diffAdded                 " fg=#98c379 bg=#282c34 mod=NONE
"diffRemoved               " fg=#e06c75 bg=#282c34 mod=NONE
"diffContext               " fg=#5c6370 bg=#282c34 mod=NONE
"diffHunkHeader            " fg=#56b6c2 bg=#282c34 mod=NONE
"diffHighlightAdded        " fg=#aad482 bg=#282c34 mod=NONE
"diffHighlightRemoved      " fg=#e8828b bg=#282c34 mod=NONE
"diffAddedBg               " fg=#2c382b bg=#282c34 mod=NONE
"diffRemovedBg             " fg=#3a2d2f bg=#282c34 mod=NONE
"diffContextBg             " fg=#21252b bg=#282c34 mod=NONE
"diffLineNumber            " fg=#9398a2 bg=#282c34 mod=NONE
"diffAddedLineNumberBg     " fg=#283427 bg=#282c34 mod=NONE
"diffRemovedLineNumberBg   " fg=#36292b bg=#282c34 mod=NONE
"markdownText              " fg=#abb2bf bg=#282c34 mod=NONE
"markdownHeading           " fg=#c678dd bg=#282c34 mod=NONE
"markdownLink              " fg=#61afef bg=#282c34 mod=NONE
"markdownLinkText          " fg=#56b6c2 bg=#282c34 mod=NONE
"markdownCode              " fg=#98c379 bg=#282c34 mod=NONE
"markdownBlockQuote        " fg=#5c6370 bg=#282c34 mod=NONE
"markdownEmph              " fg=#e5c07b bg=#282c34 mod=NONE
"markdownStrong            " fg=#d19a66 bg=#282c34 mod=NONE
"markdownHorizontalRule    " fg=#5c6370 bg=#282c34 mod=NONE
"markdownListItem          " fg=#61afef bg=#282c34 mod=NONE
"markdownListEnumeration   " fg=#56b6c2 bg=#282c34 mod=NONE
"markdownImage             " fg=#61afef bg=#282c34 mod=NONE
"markdownImageText         " fg=#56b6c2 bg=#282c34 mod=NONE
"markdownCodeBlock         " fg=#abb2bf bg=#282c34 mod=NONE
"syntaxComment             " fg=#5c6370 bg=#282c34 mod=NONE
"syntaxKeyword             " fg=#c678dd bg=#282c34 mod=NONE
"syntaxFunction            " fg=#61afef bg=#282c34 mod=NONE
"syntaxVariable            " fg=#e06c75 bg=#282c34 mod=NONE
"syntaxString              " fg=#98c379 bg=#282c34 mod=NONE
"syntaxNumber              " fg=#d19a66 bg=#282c34 mod=NONE
"syntaxType                " fg=#e5c07b bg=#282c34 mod=NONE
"syntaxOperator            " fg=#56b6c2 bg=#282c34 mod=NONE
"syntaxPunctuation         " fg=#abb2bf bg=#282c34 mod=NONE
"selectedListItemText      " fg=#282c34 bg=#282c34 mod=NONE
"backgroundMenu            " fg=#353b45 bg=#282c34 mod=NONE
"thinkingOpacity 0.60      " fg=#5c6370 bg=#282c34 mod=NONE
"selectedForeground        " fg=#282c34 bg=#61afef mod=NONE
