---
source: crates/oc-tui/src/theme_tests.rs
expression: "theme_sample(&registry, name, Mode::Dark)"
---
"mercury                   " fg=#dddde5 bg=#171721 mod=BOLD
"primary                   " fg=#8da4f5 bg=#171721 mod=NONE
"secondary                 " fg=#a7b6f8 bg=#171721 mod=NONE
"accent                    " fg=#8da4f5 bg=#171721 mod=NONE
"error                     " fg=#fc92b4 bg=#171721 mod=NONE
"warning                   " fg=#fc9b6f bg=#171721 mod=NONE
"success                   " fg=#77c599 bg=#171721 mod=NONE
"info                      " fg=#77becf bg=#171721 mod=NONE
"text                      " fg=#dddde5 bg=#171721 mod=NONE
"textMuted                 " fg=#9d9da8 bg=#171721 mod=NONE
"background                " fg=#171721 bg=#171721 mod=NONE
"backgroundPanel           " fg=#10101a bg=#171721 mod=NONE
"backgroundElement         " fg=#272735 bg=#171721 mod=NONE
"border                    " fg=#b4b7c8 bg=#171721 mod=NONE
"borderActive              " fg=#8da4f5 bg=#171721 mod=NONE
"borderSubtle              " fg=#b4b7c8 bg=#171721 mod=NONE
"diffAdded                 " fg=#77c599 bg=#171721 mod=NONE
"diffRemoved               " fg=#fc92b4 bg=#171721 mod=NONE
"diffContext               " fg=#9d9da8 bg=#171721 mod=NONE
"diffHunkHeader            " fg=#9d9da8 bg=#171721 mod=NONE
"diffHighlightAdded        " fg=#77c599 bg=#171721 mod=NONE
"diffHighlightRemoved      " fg=#fc92b4 bg=#171721 mod=NONE
"diffAddedBg               " fg=#77c599 bg=#171721 mod=NONE
"diffRemovedBg             " fg=#fc92b4 bg=#171721 mod=NONE
"diffContextBg             " fg=#1e1e2a bg=#171721 mod=NONE
"diffLineNumber            " fg=#c3c3cc bg=#171721 mod=NONE
"diffAddedLineNumberBg     " fg=#77c599 bg=#171721 mod=NONE
"diffRemovedLineNumberBg   " fg=#fc92b4 bg=#171721 mod=NONE
"markdownText              " fg=#dddde5 bg=#171721 mod=NONE
"markdownHeading           " fg=#ffffff bg=#171721 mod=NONE
"markdownLink              " fg=#8da4f5 bg=#171721 mod=NONE
"markdownLinkText          " fg=#a7b6f8 bg=#171721 mod=NONE
"markdownCode              " fg=#77c599 bg=#171721 mod=NONE
"markdownBlockQuote        " fg=#9d9da8 bg=#171721 mod=NONE
"markdownEmph              " fg=#fc9b6f bg=#171721 mod=NONE
"markdownStrong            " fg=#f4f5f9 bg=#171721 mod=NONE
"markdownHorizontalRule    " fg=#b4b7c8 bg=#171721 mod=NONE
"markdownListItem          " fg=#ffffff bg=#171721 mod=NONE
"markdownListEnumeration   " fg=#8da4f5 bg=#171721 mod=NONE
"markdownImage             " fg=#8da4f5 bg=#171721 mod=NONE
"markdownImageText         " fg=#a7b6f8 bg=#171721 mod=NONE
"markdownCodeBlock         " fg=#dddde5 bg=#171721 mod=NONE
"syntaxComment             " fg=#9d9da8 bg=#171721 mod=NONE
"syntaxKeyword             " fg=#8da4f5 bg=#171721 mod=NONE
"syntaxFunction            " fg=#8da4f5 bg=#171721 mod=NONE
"syntaxVariable            " fg=#77becf bg=#171721 mod=NONE
"syntaxString              " fg=#77c599 bg=#171721 mod=NONE
"syntaxNumber              " fg=#fc9b6f bg=#171721 mod=NONE
"syntaxType                " fg=#77becf bg=#171721 mod=NONE
"syntaxOperator            " fg=#8da4f5 bg=#171721 mod=NONE
"syntaxPunctuation         " fg=#dddde5 bg=#171721 mod=NONE
"selectedListItemText      " fg=#171721 bg=#171721 mod=NONE
"backgroundMenu            " fg=#272735 bg=#171721 mod=NONE
"thinkingOpacity 0.60      " fg=#9d9da8 bg=#171721 mod=NONE
"selectedForeground        " fg=#171721 bg=#8da4f5 mod=NONE
