---
source: crates/oc-tui/src/theme_tests.rs
expression: "theme_sample(&registry, name, Mode::Dark)"
---
"everforest                " fg=#d3c6aa bg=#2d353b mod=BOLD
"primary                   " fg=#a7c080 bg=#2d353b mod=NONE
"secondary                 " fg=#7fbbb3 bg=#2d353b mod=NONE
"accent                    " fg=#d699b6 bg=#2d353b mod=NONE
"error                     " fg=#e67e80 bg=#2d353b mod=NONE
"warning                   " fg=#e69875 bg=#2d353b mod=NONE
"success                   " fg=#a7c080 bg=#2d353b mod=NONE
"info                      " fg=#83c092 bg=#2d353b mod=NONE
"text                      " fg=#d3c6aa bg=#2d353b mod=NONE
"textMuted                 " fg=#7a8478 bg=#2d353b mod=NONE
"background                " fg=#2d353b bg=#2d353b mod=NONE
"backgroundPanel           " fg=#333c43 bg=#2d353b mod=NONE
"backgroundElement         " fg=#343f44 bg=#2d353b mod=NONE
"border                    " fg=#859289 bg=#2d353b mod=NONE
"borderActive              " fg=#9da9a0 bg=#2d353b mod=NONE
"borderSubtle              " fg=#7a8478 bg=#2d353b mod=NONE
"diffAdded                 " fg=#4fd6be bg=#2d353b mod=NONE
"diffRemoved               " fg=#c53b53 bg=#2d353b mod=NONE
"diffContext               " fg=#828bb8 bg=#2d353b mod=NONE
"diffHunkHeader            " fg=#828bb8 bg=#2d353b mod=NONE
"diffHighlightAdded        " fg=#b8db87 bg=#2d353b mod=NONE
"diffHighlightRemoved      " fg=#e26a75 bg=#2d353b mod=NONE
"diffAddedBg               " fg=#20303b bg=#2d353b mod=NONE
"diffRemovedBg             " fg=#37222c bg=#2d353b mod=NONE
"diffContextBg             " fg=#333c43 bg=#2d353b mod=NONE
"diffLineNumber            " fg=#a0a5a7 bg=#2d353b mod=NONE
"diffAddedLineNumberBg     " fg=#1b2b34 bg=#2d353b mod=NONE
"diffRemovedLineNumberBg   " fg=#2d1f26 bg=#2d353b mod=NONE
"markdownText              " fg=#d3c6aa bg=#2d353b mod=NONE
"markdownHeading           " fg=#d699b6 bg=#2d353b mod=NONE
"markdownLink              " fg=#a7c080 bg=#2d353b mod=NONE
"markdownLinkText          " fg=#83c092 bg=#2d353b mod=NONE
"markdownCode              " fg=#a7c080 bg=#2d353b mod=NONE
"markdownBlockQuote        " fg=#dbbc7f bg=#2d353b mod=NONE
"markdownEmph              " fg=#dbbc7f bg=#2d353b mod=NONE
"markdownStrong            " fg=#e69875 bg=#2d353b mod=NONE
"markdownHorizontalRule    " fg=#7a8478 bg=#2d353b mod=NONE
"markdownListItem          " fg=#a7c080 bg=#2d353b mod=NONE
"markdownListEnumeration   " fg=#83c092 bg=#2d353b mod=NONE
"markdownImage             " fg=#a7c080 bg=#2d353b mod=NONE
"markdownImageText         " fg=#83c092 bg=#2d353b mod=NONE
"markdownCodeBlock         " fg=#d3c6aa bg=#2d353b mod=NONE
"syntaxComment             " fg=#7a8478 bg=#2d353b mod=NONE
"syntaxKeyword             " fg=#d699b6 bg=#2d353b mod=NONE
"syntaxFunction            " fg=#a7c080 bg=#2d353b mod=NONE
"syntaxVariable            " fg=#e67e80 bg=#2d353b mod=NONE
"syntaxString              " fg=#a7c080 bg=#2d353b mod=NONE
"syntaxNumber              " fg=#e69875 bg=#2d353b mod=NONE
"syntaxType                " fg=#dbbc7f bg=#2d353b mod=NONE
"syntaxOperator            " fg=#83c092 bg=#2d353b mod=NONE
"syntaxPunctuation         " fg=#d3c6aa bg=#2d353b mod=NONE
"selectedListItemText      " fg=#2d353b bg=#2d353b mod=NONE
"backgroundMenu            " fg=#343f44 bg=#2d353b mod=NONE
"thinkingOpacity 0.60      " fg=#7a8478 bg=#2d353b mod=NONE
"selectedForeground        " fg=#2d353b bg=#a7c080 mod=NONE
