---
source: crates/oc-tui/src/theme_tests.rs
expression: "theme_sample(&registry, name, Mode::Dark)"
---
"carbonfox                 " fg=#f2f4f8 bg=#161616 mod=BOLD
"primary                   " fg=#33b1ff bg=#161616 mod=NONE
"secondary                 " fg=#78a9ff bg=#161616 mod=NONE
"accent                    " fg=#ff7eb6 bg=#161616 mod=NONE
"error                     " fg=#ee5396 bg=#161616 mod=NONE
"warning                   " fg=#f1c21b bg=#161616 mod=NONE
"success                   " fg=#25be6a bg=#161616 mod=NONE
"info                      " fg=#78a9ff bg=#161616 mod=NONE
"text                      " fg=#f2f4f8 bg=#161616 mod=NONE
"textMuted                 " fg=#7d848f bg=#161616 mod=NONE
"background                " fg=#161616 bg=#161616 mod=NONE
"backgroundPanel           " fg=#1a1a1a bg=#161616 mod=NONE
"backgroundElement         " fg=#1e1e1e bg=#161616 mod=NONE
"border                    " fg=#303030 bg=#161616 mod=NONE
"borderActive              " fg=#33b1ff bg=#161616 mod=NONE
"borderSubtle              " fg=#262626 bg=#161616 mod=NONE
"diffAdded                 " fg=#50fa7b bg=#161616 mod=NONE
"diffRemoved               " fg=#ff6b6b bg=#161616 mod=NONE
"diffContext               " fg=#7d848f bg=#161616 mod=NONE
"diffHunkHeader            " fg=#78a9ff bg=#161616 mod=NONE
"diffHighlightAdded        " fg=#7dffaa bg=#161616 mod=NONE
"diffHighlightRemoved      " fg=#ff9999 bg=#161616 mod=NONE
"diffAddedBg               " fg=#0f2418 bg=#161616 mod=NONE
"diffRemovedBg             " fg=#2a1216 bg=#161616 mod=NONE
"diffContextBg             " fg=#161616 bg=#161616 mod=NONE
"diffLineNumber            " fg=#808792 bg=#161616 mod=NONE
"diffAddedLineNumberBg     " fg=#0f2418 bg=#161616 mod=NONE
"diffRemovedLineNumberBg   " fg=#2a1216 bg=#161616 mod=NONE
"markdownText              " fg=#f2f4f8 bg=#161616 mod=NONE
"markdownHeading           " fg=#8cb6ff bg=#161616 mod=NONE
"markdownLink              " fg=#78a9ff bg=#161616 mod=NONE
"markdownLinkText          " fg=#33b1ff bg=#161616 mod=NONE
"markdownCode              " fg=#25be6a bg=#161616 mod=NONE
"markdownBlockQuote        " fg=#7d848f bg=#161616 mod=NONE
"markdownEmph              " fg=#be95ff bg=#161616 mod=NONE
"markdownStrong            " fg=#ffffff bg=#161616 mod=NONE
"markdownHorizontalRule    " fg=#303030 bg=#161616 mod=NONE
"markdownListItem          " fg=#33b1ff bg=#161616 mod=NONE
"markdownListEnumeration   " fg=#33b1ff bg=#161616 mod=NONE
"markdownImage             " fg=#78a9ff bg=#161616 mod=NONE
"markdownImageText         " fg=#33b1ff bg=#161616 mod=NONE
"markdownCodeBlock         " fg=#a9afbc bg=#161616 mod=NONE
"syntaxComment             " fg=#7d848f bg=#161616 mod=NONE
"syntaxKeyword             " fg=#be95ff bg=#161616 mod=NONE
"syntaxFunction            " fg=#8cb6ff bg=#161616 mod=NONE
"syntaxVariable            " fg=#dfdfe0 bg=#161616 mod=NONE
"syntaxString              " fg=#25be6a bg=#161616 mod=NONE
"syntaxNumber              " fg=#3ddbd9 bg=#161616 mod=NONE
"syntaxType                " fg=#08bdba bg=#161616 mod=NONE
"syntaxOperator            " fg=#a9afbc bg=#161616 mod=NONE
"syntaxPunctuation         " fg=#a9afbc bg=#161616 mod=NONE
"selectedListItemText      " fg=#161616 bg=#161616 mod=NONE
"backgroundMenu            " fg=#1e1e1e bg=#161616 mod=NONE
"thinkingOpacity 0.60      " fg=#7d848f bg=#161616 mod=NONE
"selectedForeground        " fg=#161616 bg=#33b1ff mod=NONE
